// Jest Snapshot v1, https://goo.gl/fbAQLP

exports[`Tests on <GifItem /> should match with the snapshot 1`] = `
<div>
  <div
    class="card"
  >
    <img
      alt="Title"
      src="http://localhost/Url"
    />
    <p>
      Title
    </p>
  </div>
</div>
`;
